##########################################
# (1) LINK INFORMATION                   #
##########################################
C:\Renesas\NC30WA\V540R00\bin\ln30.exe @C:\WorkSpace\KuRTOS\KuRTOS\Debug\KuRTOS.m16cl

# LINK FILE INFORMATION
ncrt0 (C:\WorkSpace\KuRTOS\KuRTOS\Debug\ncrt0.r30)
	Dec 15 20:15:33 2015

clock (C:\WorkSpace\KuRTOS\KuRTOS\Debug\clock.r30)
	Dec 15 20:15:29 2015

device_manager (C:\WorkSpace\KuRTOS\KuRTOS\Debug\device_manager.r30)
	Dec 15 20:15:30 2015

Empty (C:\WorkSpace\KuRTOS\KuRTOS\Debug\Empty.r30)
	Dec 15 20:24:14 2015

heap (C:\WorkSpace\KuRTOS\KuRTOS\Debug\heap.r30)
	Dec 15 20:15:30 2015

itoa (C:\WorkSpace\KuRTOS\KuRTOS\Debug\itoa.r30)
	Dec 15 20:15:30 2015

led_device (C:\WorkSpace\KuRTOS\KuRTOS\Debug\led_device.r30)
	Dec 15 20:15:30 2015

led_lib (C:\WorkSpace\KuRTOS\KuRTOS\Debug\led_lib.r30)
	Dec 15 20:15:31 2015

list (C:\WorkSpace\KuRTOS\KuRTOS\Debug\list.r30)
	Dec 15 20:15:31 2015

mcu_init (C:\WorkSpace\KuRTOS\KuRTOS\Debug\mcu_init.r30)
	Dec 15 20:15:31 2015

message_queue (C:\WorkSpace\KuRTOS\KuRTOS\Debug\message_queue.r30)
	Dec 15 20:15:31 2015

msgq_lib (C:\WorkSpace\KuRTOS\KuRTOS\Debug\msgq_lib.r30)
	Dec 15 20:15:31 2015

qsk_lcd (C:\WorkSpace\KuRTOS\KuRTOS\Debug\qsk_lcd.r30)
	Dec 15 20:15:28 2015

queue (C:\WorkSpace\KuRTOS\KuRTOS\Debug\queue.r30)
	Dec 15 20:15:31 2015

raw_debug (C:\WorkSpace\KuRTOS\KuRTOS\Debug\raw_debug.r30)
	Dec 15 20:15:32 2015

sched_queue (C:\WorkSpace\KuRTOS\KuRTOS\Debug\sched_queue.r30)
	Dec 15 20:15:32 2015

sched_rm (C:\WorkSpace\KuRTOS\KuRTOS\Debug\sched_rm.r30)
	Dec 15 20:15:32 2015

sched_wrr (C:\WorkSpace\KuRTOS\KuRTOS\Debug\sched_wrr.r30)
	Dec 15 20:17:28 2015

scheduler (C:\WorkSpace\KuRTOS\KuRTOS\Debug\scheduler.r30)
	Dec 15 20:23:23 2015

semaphore (C:\WorkSpace\KuRTOS\KuRTOS\Debug\semaphore.r30)
	Dec 15 20:15:33 2015

spinlock (C:\WorkSpace\KuRTOS\KuRTOS\Debug\spinlock.r30)
	Dec 15 20:15:33 2015

switch_device (C:\WorkSpace\KuRTOS\KuRTOS\Debug\switch_device.r30)
	Dec 15 20:15:33 2015

switch_lib (C:\WorkSpace\KuRTOS\KuRTOS\Debug\switch_lib.r30)
	Dec 15 20:15:33 2015

_i4mulu (C:\Renesas\NC30WA\V540R00\lib30\nc30lib.lib)
	Dec  8 19:43:02 2005

_mbase (C:\Renesas\NC30WA\V540R00\lib30\nc30lib.lib)
	Dec  8 19:43:04 2005

bcopy (C:\Renesas\NC30WA\V540R00\lib30\nc30lib.lib)
	Dec  8 19:43:07 2005

bzero (C:\Renesas\NC30WA\V540R00\lib30\nc30lib.lib)
	Dec  8 19:43:07 2005

mdata (C:\Renesas\NC30WA\V540R00\lib30\nc30lib.lib)
	Dec  8 19:43:18 2005


##########################################
# (2) SECTION INFORMATION                #
##########################################
# SECTION                        ATR TYPE    START  LENGTH ALIGN MODULENAME
data_SE                          ABS DATA    000400 000000       ncrt0
bss_SE                           REL DATA    000400 000000 2     ncrt0
data_SO                          REL DATA    000400 000000       ncrt0
bss_SO                           REL DATA    000400 000000       ncrt0
data_NE                          REL DATA    000400 000000 2     ncrt0
                                 REL DATA    000400 000040 2     qsk_lcd
                                 REL DATA    000440 000010 2     mdata
bss_NE                           REL DATA    000450 000000 2     ncrt0
                                 REL DATA    000450 000006 2     clock
                                 REL DATA    000456 000092 2     device_manager
                                 REL DATA    0004E8 000014 2     Empty
                                 REL DATA    0004FC 00000A 2     itoa
                                 REL DATA    000506 0001E2 2     message_queue
                                 REL DATA    0006E8 00004C 2     sched_rm
                                 REL DATA    000734 000050 2     sched_wrr
                                 REL DATA    000784 00000A 2     scheduler
                                 REL DATA    00078E 000002 2     semaphore
                                 REL DATA    000790 000006 2     switch_device
                                 REL DATA    000796 000004 2     _mbase
                                 REL DATA    00079A 000008 2     mdata
data_NO                          REL DATA    0007A2 000000       ncrt0
                                 REL DATA    0007A2 000001       qsk_lcd
bss_NO                           REL DATA    0007A3 000000       ncrt0
                                 REL DATA    0007A3 00002F       heap
                                 REL DATA    0007D2 000149       scheduler
stack                            REL DATA    00091B 000600       ncrt0
heap                             REL DATA    000F1B 000300       ncrt0
rom_NE                           REL ROMDATA 00121C 000000 2     ncrt0
rom_NO                           REL ROMDATA 00121C 000000       ncrt0
data_FE                          ABS DATA    010000 000000       ncrt0
bss_FE                           REL DATA    010000 000000 2     ncrt0
data_FO                          REL DATA    010000 000000       ncrt0
bss_FO                           REL DATA    010000 000000       ncrt0
rom_FE                           ABS ROMDATA 0F0000 000000       ncrt0
rom_FO                           REL ROMDATA 0F0000 000000       ncrt0
data_SEI                         REL ROMDATA 0F0000 000000       ncrt0
data_SOI                         REL ROMDATA 0F0000 000000       ncrt0
data_NEI                         REL ROMDATA 0F0000 000000       ncrt0
                                 REL ROMDATA 0F0000 000040       qsk_lcd
                                 REL ROMDATA 0F0040 000010       mdata
data_NOI                         REL ROMDATA 0F0050 000000       ncrt0
                                 REL ROMDATA 0F0050 000001       qsk_lcd
data_FEI                         REL ROMDATA 0F0051 000000       ncrt0
data_FOI                         REL ROMDATA 0F0051 000000       ncrt0
switch_table                     REL ROMDATA 0F0051 000000       ncrt0
program                          REL CODE    0F0051 000000       ncrt0
                                 REL CODE    0F0052 0000A0 2     clock
                                 REL CODE    0F00F2 0001B6 2     device_manager
                                 REL CODE    0F02A8 00045B 2     Empty
                                 REL CODE    0F0704 0001C4 2     heap
                                 REL CODE    0F08C8 0000AC 2     itoa
                                 REL CODE    0F0974 000202 2     led_device
                                 REL CODE    0F0B76 000061 2     led_lib
                                 REL CODE    0F0BD8 00008C 2     list
                                 REL CODE    0F0C64 000044 2     mcu_init
                                 REL CODE    0F0CA8 00058E 2     message_queue
                                 REL CODE    0F1236 00007E 2     msgq_lib
                                 REL CODE    0F12B4 0001E4 2     qsk_lcd
                                 REL CODE    0F1498 00010B 2     queue
                                 REL CODE    0F15A4 00006C 2     raw_debug
                                 REL CODE    0F1610 0000B7 2     sched_queue
                                 REL CODE    0F16C8 000469 2     sched_rm
                                 REL CODE    0F1B32 000295 2     sched_wrr
                                 REL CODE    0F1DC8 000402 2     scheduler
                                 REL CODE    0F21CA 0000A8 2     semaphore
                                 REL CODE    0F2272 000049 2     spinlock
                                 REL CODE    0F22BC 000143 2     switch_device
                                 REL CODE    0F2400 000055 2     switch_lib
                                 REL CODE    0F2456 00001C 2     _i4mulu
                                 REL CODE    0F2472 000035 2     bcopy
                                 REL CODE    0F24A8 000028 2     bzero
interrupt                        REL CODE    0F24D0 000000       ncrt0
                                 REL CODE    0F24D0 000117       ncrt0
program_S                        REL CODE    0F25E7 000000       ncrt0
vector                           ABS ROMDATA 0FF800 000100       ncrt0
svector                          ABS ROMDATA 0FFF00 000000       ncrt0
fvector                          ABS ROMDATA 0FFFFC 000004       ncrt0
# Total -------------------------------------------------------------------
                                     DATA           000E1B(0003611) Byte(s)
                                     ROMDATA        000155(0000341) Byte(s)
                                     CODE           002596(0009622) Byte(s)

##########################################
# (3) GLOBAL LABEL INFORMATION           #
##########################################
$DisplayString     0f135e  $INIT_LIST_HEAD    0f0bd8  $LCD_write         0f13bc
$OffLED            0f0ab2  $OnLED             0f0a8a  $P                 0f21e4
$SwitchLED         0f0a1e  $V                 0f222a  $__list_add        0f0bee
$__list_del        0f0c4c  $acquire_lock      0f229e  $channel_stalker   0f0d54
$check_device_st   0f0178  $close_channel     0f0f48  $deadline_miss     0f1b16
$deleteMin         0f07ee  $deleteQueue       0f153e  $dequeue           0f1680
$diaplsy_char_li   0f15e0  $diaplsy_char_li   0f15f8  $display_int_lin   0f15a4
$display_int_lin   0f15c2  $display_with_lo   0f02a8  $enqueue_nr        0f1660
$enqueue_pw        0f1640  $enqueue_rq        0f1620  $exit              0f25e4
$find_index_by_c   0f0df2  $frontQueue        0f1582  $get_switch        0f2440
$initHeap          0f0704  $initQueue         0f1498  $initSemaphore     0f21ca
$init_emptry_cha   0f0e22  $init_lock         0f2272  $init_priority_q   0f1610
$init_scheduler    0f1edc  $insert            0f072e  $insertQueue       0f14ea
$isEmpty           0f14ac  $isFull            0f14ca  $itoa              0f08c8
$led_off           0f0bac  $led_on            0f0b96  $led_switch        0f0bc2
$list_add          0f0c14  $list_add_tail     0f0c30  $open_channel      0f0ed4
$peek              0f169e  $periodic_wait_s   0f1aa0  $rate_monotonic    0f176a
$rate_monotonic_   0f196e  $recv_mail         0f2178  $recv_message      0f1006
$recv_msg          0f1256  $register_task     0f0e58  $release_channel   0f1246
$release_device    0f01fe  $release_led       0f0b86  $release_lock      0f22ae
$release_switch    0f2420  $request_channel   0f1236  $request_device    0f019a
$request_led       0f0b76  $request_service   0f025e  $request_switch    0f2400
$round_robin       0f20a6  $sched_wrr         0f1cf4  $schedule          0f1f5a
$send_mail         0f2150  $send_message      0f1132  $send_msg          0f1288
$service_grn       0f0b42  $service_red       0f0ada  $service_switch1   0f2342
$service_switch2   0f235a  $service_switch3   0f2372  $service_ylw       0f0b0e
$set_up_task_rm    0f1abc  $size              0f16ba  $task_init         0f1dc8
$task_init_rate_   0f16da  $terminate_task    0f21b0  $utoa              0f092e
$wake_up           0f1ea6  $wake_up_rm_task   0f18ac  $wake_up_rr_task   0f1ff2
$wake_up_tasks     0f1c34  _DisplayDelay      0f146a  _IDLE_TID          000784
_InitDisplay       0f12b4  _InitLED1          0f09ee  _InitLED2          0f09f8
_InitLED3          0f0a02  _InitTimerA0       0f0076  _InitTimerA1       0f0094
_InitTimerA4       0f23c6  _S1_STATE          000790  _S2_STATE          000792
_S3_STATE          000794  _Switch0IntHndl    0f23ae  _Switch1IntHndl    0f23ba
_TimerA1IntHndl    0f00ba  _TimerA4IntHndl    0f23f4  __i4mulU           0f2456
__mbase            000796  __memt             000448  __mnext            00079a
__msize            00079e  __pool             000440  _bcopy             0f2472
_bzero             0f24a8  _calc_quantum_sp   0f1b50  _ctx_flag          000454
_current           000786  _decrease_quantu   0f1eba  _devs              000456
_disableSwitch1    0f23ea  _disableSwitch2    0f23ec  _disableSwitch3    0f23ee
_disable_interru   0f006a  _dummy             0f06fe  _enable_interrup   0f0070
_exit              0f25e4  _fetch_task        0f1854  _get_pid           0f1ea0
_get_task_arr      0f2114  _get_task_num      0f210e  _get_time          0f0052
_idle              0007a3  _iflg              00078e  _initSwitch1       0f239c
_initSwitch2       0f238a  _init_device_wit   0f00f2  _init_devs         0f00fe
_init_led_device   0f0974  _init_message_qu   0f0ca8  _init_rate_monot   0f16c8
_init_sched_wrr    0f1b32  _init_switch_dev   0f22bc  _init_tick         0f005c
_lock              0004fa  _logo_map          000400  _main              0f02ea
_mcu_init          0f0c64  _periodic_wait     0f211a  _program1          0f039c
_program2          0f058a  _program3          0f0668  _pwq               00070e
_rq                0006e8  _s                 0004e8  _sleep             0f212a
_t                 000450  _task_init_sched   0f1bac  _tasks             0007d2
_termLED1          0f0a0c  _termLED2          0f0a12  _termLED3          0f0a18
dummy_int          0f25e6  start              0f24d0  

##########################################
# (4) GLOBAL EQU SYMBOL INFORMATION      #
##########################################
__SB__           00000400  

##########################################
# (5) GLOBAL EQU BIT-SYMBOL INFORMATION  #
##########################################

##########################################
# (6) LOCAL LABEL INFORMATION            #
##########################################
@ ncrt0 ( C:\WorkSpace\KuRTOS\KuRTOS\Debug\ncrt0.r30 )
@ clock ( C:\WorkSpace\KuRTOS\KuRTOS\Debug\clock.r30 )
@ device_manager ( C:\WorkSpace\KuRTOS\KuRTOS\Debug\device_manager.r30 )
@ Empty ( C:\WorkSpace\KuRTOS\KuRTOS\Debug\Empty.r30 )
@ heap ( C:\WorkSpace\KuRTOS\KuRTOS\Debug\heap.r30 )
@ itoa ( C:\WorkSpace\KuRTOS\KuRTOS\Debug\itoa.r30 )
@ led_device ( C:\WorkSpace\KuRTOS\KuRTOS\Debug\led_device.r30 )
@ led_lib ( C:\WorkSpace\KuRTOS\KuRTOS\Debug\led_lib.r30 )
@ list ( C:\WorkSpace\KuRTOS\KuRTOS\Debug\list.r30 )
@ mcu_init ( C:\WorkSpace\KuRTOS\KuRTOS\Debug\mcu_init.r30 )
@ message_queue ( C:\WorkSpace\KuRTOS\KuRTOS\Debug\message_queue.r30 )
@ msgq_lib ( C:\WorkSpace\KuRTOS\KuRTOS\Debug\msgq_lib.r30 )
@ qsk_lcd ( C:\WorkSpace\KuRTOS\KuRTOS\Debug\qsk_lcd.r30 )
@ queue ( C:\WorkSpace\KuRTOS\KuRTOS\Debug\queue.r30 )
@ raw_debug ( C:\WorkSpace\KuRTOS\KuRTOS\Debug\raw_debug.r30 )
@ sched_queue ( C:\WorkSpace\KuRTOS\KuRTOS\Debug\sched_queue.r30 )
@ sched_rm ( C:\WorkSpace\KuRTOS\KuRTOS\Debug\sched_rm.r30 )
@ sched_wrr ( C:\WorkSpace\KuRTOS\KuRTOS\Debug\sched_wrr.r30 )
@ scheduler ( C:\WorkSpace\KuRTOS\KuRTOS\Debug\scheduler.r30 )
@ semaphore ( C:\WorkSpace\KuRTOS\KuRTOS\Debug\semaphore.r30 )
@ spinlock ( C:\WorkSpace\KuRTOS\KuRTOS\Debug\spinlock.r30 )
@ switch_device ( C:\WorkSpace\KuRTOS\KuRTOS\Debug\switch_device.r30 )
@ switch_lib ( C:\WorkSpace\KuRTOS\KuRTOS\Debug\switch_lib.r30 )
@ _i4mulu ( C:\Renesas\NC30WA\V540R00\lib30\nc30lib.lib )
@ _mbase ( C:\Renesas\NC30WA\V540R00\lib30\nc30lib.lib )
@ bcopy ( C:\Renesas\NC30WA\V540R00\lib30\nc30lib.lib )
@ bzero ( C:\Renesas\NC30WA\V540R00\lib30\nc30lib.lib )
@ mdata ( C:\Renesas\NC30WA\V540R00\lib30\nc30lib.lib )

##########################################
# (7) LOCAL EQU SYMBOL INFORMATION       #
##########################################
@ ncrt0 ( C:\WorkSpace\KuRTOS\KuRTOS\Debug\ncrt0.r30 )
@ clock ( C:\WorkSpace\KuRTOS\KuRTOS\Debug\clock.r30 )
@ device_manager ( C:\WorkSpace\KuRTOS\KuRTOS\Debug\device_manager.r30 )
@ Empty ( C:\WorkSpace\KuRTOS\KuRTOS\Debug\Empty.r30 )
@ heap ( C:\WorkSpace\KuRTOS\KuRTOS\Debug\heap.r30 )
@ itoa ( C:\WorkSpace\KuRTOS\KuRTOS\Debug\itoa.r30 )
@ led_device ( C:\WorkSpace\KuRTOS\KuRTOS\Debug\led_device.r30 )
@ led_lib ( C:\WorkSpace\KuRTOS\KuRTOS\Debug\led_lib.r30 )
@ list ( C:\WorkSpace\KuRTOS\KuRTOS\Debug\list.r30 )
@ mcu_init ( C:\WorkSpace\KuRTOS\KuRTOS\Debug\mcu_init.r30 )
@ message_queue ( C:\WorkSpace\KuRTOS\KuRTOS\Debug\message_queue.r30 )
@ msgq_lib ( C:\WorkSpace\KuRTOS\KuRTOS\Debug\msgq_lib.r30 )
@ qsk_lcd ( C:\WorkSpace\KuRTOS\KuRTOS\Debug\qsk_lcd.r30 )
@ queue ( C:\WorkSpace\KuRTOS\KuRTOS\Debug\queue.r30 )
@ raw_debug ( C:\WorkSpace\KuRTOS\KuRTOS\Debug\raw_debug.r30 )
@ sched_queue ( C:\WorkSpace\KuRTOS\KuRTOS\Debug\sched_queue.r30 )
@ sched_rm ( C:\WorkSpace\KuRTOS\KuRTOS\Debug\sched_rm.r30 )
@ sched_wrr ( C:\WorkSpace\KuRTOS\KuRTOS\Debug\sched_wrr.r30 )
@ scheduler ( C:\WorkSpace\KuRTOS\KuRTOS\Debug\scheduler.r30 )
@ semaphore ( C:\WorkSpace\KuRTOS\KuRTOS\Debug\semaphore.r30 )
@ spinlock ( C:\WorkSpace\KuRTOS\KuRTOS\Debug\spinlock.r30 )
@ switch_device ( C:\WorkSpace\KuRTOS\KuRTOS\Debug\switch_device.r30 )
@ switch_lib ( C:\WorkSpace\KuRTOS\KuRTOS\Debug\switch_lib.r30 )
@ _i4mulu ( C:\Renesas\NC30WA\V540R00\lib30\nc30lib.lib )
@ _mbase ( C:\Renesas\NC30WA\V540R00\lib30\nc30lib.lib )
@ bcopy ( C:\Renesas\NC30WA\V540R00\lib30\nc30lib.lib )
@ bzero ( C:\Renesas\NC30WA\V540R00\lib30\nc30lib.lib )
@ mdata ( C:\Renesas\NC30WA\V540R00\lib30\nc30lib.lib )

##########################################
# (8) LOCAL EQU BIT-SYMBOL INFORMATION   #
##########################################
@ ncrt0 ( C:\WorkSpace\KuRTOS\KuRTOS\Debug\ncrt0.r30 )
@ clock ( C:\WorkSpace\KuRTOS\KuRTOS\Debug\clock.r30 )
@ device_manager ( C:\WorkSpace\KuRTOS\KuRTOS\Debug\device_manager.r30 )
@ Empty ( C:\WorkSpace\KuRTOS\KuRTOS\Debug\Empty.r30 )
@ heap ( C:\WorkSpace\KuRTOS\KuRTOS\Debug\heap.r30 )
@ itoa ( C:\WorkSpace\KuRTOS\KuRTOS\Debug\itoa.r30 )
@ led_device ( C:\WorkSpace\KuRTOS\KuRTOS\Debug\led_device.r30 )
@ led_lib ( C:\WorkSpace\KuRTOS\KuRTOS\Debug\led_lib.r30 )
@ list ( C:\WorkSpace\KuRTOS\KuRTOS\Debug\list.r30 )
@ mcu_init ( C:\WorkSpace\KuRTOS\KuRTOS\Debug\mcu_init.r30 )
@ message_queue ( C:\WorkSpace\KuRTOS\KuRTOS\Debug\message_queue.r30 )
@ msgq_lib ( C:\WorkSpace\KuRTOS\KuRTOS\Debug\msgq_lib.r30 )
@ qsk_lcd ( C:\WorkSpace\KuRTOS\KuRTOS\Debug\qsk_lcd.r30 )
@ queue ( C:\WorkSpace\KuRTOS\KuRTOS\Debug\queue.r30 )
@ raw_debug ( C:\WorkSpace\KuRTOS\KuRTOS\Debug\raw_debug.r30 )
@ sched_queue ( C:\WorkSpace\KuRTOS\KuRTOS\Debug\sched_queue.r30 )
@ sched_rm ( C:\WorkSpace\KuRTOS\KuRTOS\Debug\sched_rm.r30 )
@ sched_wrr ( C:\WorkSpace\KuRTOS\KuRTOS\Debug\sched_wrr.r30 )
@ scheduler ( C:\WorkSpace\KuRTOS\KuRTOS\Debug\scheduler.r30 )
@ semaphore ( C:\WorkSpace\KuRTOS\KuRTOS\Debug\semaphore.r30 )
@ spinlock ( C:\WorkSpace\KuRTOS\KuRTOS\Debug\spinlock.r30 )
@ switch_device ( C:\WorkSpace\KuRTOS\KuRTOS\Debug\switch_device.r30 )
@ switch_lib ( C:\WorkSpace\KuRTOS\KuRTOS\Debug\switch_lib.r30 )
@ _i4mulu ( C:\Renesas\NC30WA\V540R00\lib30\nc30lib.lib )
@ _mbase ( C:\Renesas\NC30WA\V540R00\lib30\nc30lib.lib )
@ bcopy ( C:\Renesas\NC30WA\V540R00\lib30\nc30lib.lib )
@ bzero ( C:\Renesas\NC30WA\V540R00\lib30\nc30lib.lib )
@ mdata ( C:\Renesas\NC30WA\V540R00\lib30\nc30lib.lib )

